I'm sorry, but errors were detected in your script. Please correct the
errors listed below, and try again.


File "game/script.rpy", line 33: expected 'image_name_component' not found.
    hide scene bg whitehouse
        ^

Ren'Py Version: Ren'Py 7.3.0.271
Sat Jun 29 18:51:55 2019
